///<#Function Summary#>
///
///  - Returns: <#[Int]#>
///
func funcWithReturnNoParamsNoThrow() -> [Int]{
    
}

