///<#Function Summary#>
///  - Parameter a: <#Parameter a#>
///
func funcWithParamNoReturnNoThrow(_ a: Int) {
    
}