class Person {
    init() {
        
    }
    
    /// <#Subscript Summary#>
///  - Parameter int: <#Parameter int#>
///
///  - Returns: <#Double#>
///
subscript(int: Int) -> Double {
        return 0.0
    }
}

