class Person {
    /// <#Initializer Summary#>
///  - Parameter firstName: <#Parameter firstName#>
///
init?(firstName: String?) {
        
    }
}

