/// <#Function Summary#>
///
///  - Throws: <#Throws#>
///
func funcWithNoReturnNoParamsThrow() throws{
    
}

