func foo() {
  let a = 3
  if (a > 2) && (a < 10) {}
}
