Func Collection._reverseOffsetIndex(_:by:) has been added as a protocol requirement
