class Person {
    /// <#Initializer Summary#>
///
init() {
        
    }
}

