// REQUIRES: objc_interop
// RUN: rm -rf %t.mod && mkdir -p %t.mod
// RUN: %target-swift-frontend -emit-module -o %t.mod/cities.swiftmodule %S/Inputs/cities.swift -module-name Cities -parse-as-library
// RUN: rm -rf %t && mkdir -p %t && %target-swift-frontend -c -update-code -disable-migrator-fixits -I %t.mod -primary-file %s -api-diff-data-file %S/API-function-hoist.json -emit-migrated-file-path %t/function-hoist.swift.result -emit-remap-file-path %t/function-hoist.swift.remap -o /dev/null
// RUN: diff -u %S/function-hoist.swift.expected %t/function-hoist.swift.result

import Cities

func getCities() -> [Cities] { return [] }

func foo(_ c : Cities) {
  c.setProperty(Prop:1)
  getCities()[0].setProperty(Prop:1)
  Cities.memberFunc()
  c.setProperty2(with:1+1+1, using:2+2)
  getCities()[0].setProperty2(with:1+1+1, using:2+2)
  c.Property2
  getCities()[0].Property2
  _ = c.memberFunc3() + 2
  _ = c.memberFunc4(remaining:2) + 2
  _ = Cities.Nested.property5 + 2 + 1
}
