// REQUIRES: objc_interop
// RUN: rm -rf %t && mkdir -p %t && %swift -update-code -primary-file %s  -F %S/mock-sdk -api-diff-data-file %S/API.json -emit-migrated-file-path %t/rename.swift.result -o %t/rename.swift.remap
// RUN: diff -u %S/rename.swift.expected %t/rename.swift.result

import Bar

func foo(_ b: BarForwardDeclaredClass) {
  b.barNewInstanceFunc1(_: 0, newlabel2: 1, newlabel3: 2, newlabel4: 3)
  barGlobalFuncNewName(2)
  b.barNewInstanceFunc1(_: 0, newlabel2: 1, newlabel3: 2, newlabel4: 3)
  barGlobalFuncNewName(2)
  b.barNewInstanceFunc1(_: 0, newlabel2: 1, newlabel3: 2, newlabel4: 3)
  barGlobalFuncNewName(2)
  b.barNewInstanceFunc1(_: 0, newlabel2: 1, newlabel3: 2, newlabel4: 3)
  barGlobalFuncNewName(2)
  b.barNewInstanceFunc1(_: 0, newlabel2: 1, newlabel3: 2, newlabel4: 3)
  barGlobalFuncNewName(2)
}
