class Person {
    /// <#Initializer Summary#>
///
///  - Throws: <#Throws#>
///
init() throws{
        
    }
}

