/// <#Function Summary#>
///  - Parameters
///    - a: <#Parameter a#>
///    - b: <#Parameter b#>
///    - c: <#Parameter c#>
///
func funcWithParamsNoReturnNoThrow(_ a: Int, b: Int, c: String) {
    
}

